Initial:
. . . . . 
. x x . . 
. x x . . 
. . . . . 


Frame #1:
. . . . . 
. x x . . 
. x x . . 
. . . . . 


