Initial:
. . . . . 
. . . . . 
. x x x . 
. . . . . 


Frame #1:
. . . . . 
. . x . . 
. . x . . 
. . x . . 


